// Jest Snapshot v1, https://goo.gl/fbAQLP

exports[`Matches snapshot 1`] = `
<button
  className="button"
  data-testid="button"
>
  <span>
    Close
  </span>
</button>
`;
